============================= test session starts =============================
platform win32 -- Python 3.14.4, pytest-9.1.1, pluggy-1.6.0 -- C:\Python314\python.exe
cachedir: .pytest_cache
rootdir: C:\Users\ASUS\Desktop\PaperPilot AI
plugins: anyio-4.14.2, deepeval-4.2.2, langsmith-0.11.0, asyncio-1.4.0, repeat-0.9.4, rerunfailures-16.6.1, xdist-3.8.0
asyncio: mode=Mode.STRICT, debug=False, asyncio_default_fixture_loop_scope=None, asyncio_default_test_loop_scope=function
collecting ... collected 0 items / 1 error
Running teardown with pytest sessionfinish...

=================================== ERRORS ====================================
__________________ ERROR collecting backend/test_workflow.py __________________
ImportError while importing test module 'C:\Users\ASUS\Desktop\PaperPilot AI\backend\test_workflow.py'.
Hint: make sure your test modules/packages have valid Python names.
Traceback:
C:\Python314\Lib\importlib\__init__.py:88: in import_module
    return _bootstrap._gcd_import(name[level:], package, level)
           ^^^^^^^^^^^^^^^^^^^^^^^^^^^^^^^^^^^^^^^^^^^^^^^^^^^^
backend\test_workflow.py:6: in <module>
    from generation.workflow_v2 import run_workflow
backend\generation\workflow_v2.py:69: in <module>
    from .nodes import (
E   ImportError: cannot import name 'chat_node' from 'generation.nodes' (C:\Users\ASUS\Desktop\PaperPilot AI\backend\generation\nodes.py)
=========================== short test summary info ===========================
ERROR backend/test_workflow.py
!!!!!!!!!!!!!!!!!!! Interrupted: 1 error during collection !!!!!!!!!!!!!!!!!!!!
============================== 1 error in 28.03s ==============================
